io.komune.registry.control.test.bdd.SnapshotSteps.checkSavedDCS[financialDetails]=[
  {
    "label": "Financial details",
    "sections": [
      {
        "fields": [
          {
            "dataType": "NUMBER",
            "label": "estimated Co2 Reduction (T)",
            "name": "reduction",
            "properties": {
              "fieldType": "textField",
              "textFieldType": "number"
            },
            "required": true,
            "type": "textField"
          }
        ]
      },
      {
        "description": "Provide information about the financial aspects of your project. Include the budget, funding sources, and any financial projections. Be transparent about how funds will be allocated to achieve project objectives.",
        "fields": [
          {
            "conditions": [
              {
                "dependencies": [
                  "budget"
                ],
                "error": "Your budget should be above 0",
                "expression": "#budget >= 0",
                "type": "validator"
              }
            ],
            "dataType": "NUMBER",
            "label": "Estimated budget ($)",
            "name": "budget",
            "properties": {
              "fieldType": "textField",
              "textFieldType": "number"
            },
            "required": true,
            "type": "textField"
          },
          {
            "dataType": "STRING",
            "label": "Source of funding",
            "name": "fundingSource",
            "properties": {
              "fieldType": "textField",
              "multiline": "true",
              "rows": "4"
            },
            "required": true,
            "type": "textField"
          }
        ],
        "label": "Financial details"
      }
    ]
  }
]


io.komune.registry.control.test.bdd.SnapshotSteps.checkSavedRequirements[financialDetails]=[
  {
    "hasRequirement": [
      {
        "hasRequirement": [
          {
            "hasConcept": [
              {
                "description": "estimated Co2 Reduction (T)",
                "name": "estimated Co2 Reduction (T)",
                "unit": {
                  "description": "Nombre réel quelconque",
                  "name": "XSDDouble",
                  "type": "NUMBER"
                }
              }
            ],
            "name": "reduction",
            "order": 0,
            "properties": {
              "fieldType": "textField",
              "textFieldType": "number"
            },
            "required": true,
            "kind": "INFORMATION"
          }
        ],
        "order": 0,
        "required": true,
        "type": "Section",
        "kind": "CRITERION"
      },
      {
        "description": "Provide information about the financial aspects of your project. Include the budget, funding sources, and any financial projections. Be transparent about how funds will be allocated to achieve project objectives.",
        "hasRequirement": [
          {
            "hasConcept": [
              {
                "description": "Estimated budget ($)",
                "name": "Estimated budget ($)",
                "unit": {
                  "description": "Nombre réel quelconque",
                  "name": "XSDDouble",
                  "type": "NUMBER"
                }
              }
            ],
            "hasRequirement": [
              {
                "description": "Your budget should be above 0",
                "required": true,
                "validatingCondition": "#budget >= 0",
                "validatingConditionDependencies": [
                  "budget"
                ],
                "kind": "CONSTRAINT"
              }
            ],
            "name": "budget",
            "order": 0,
            "properties": {
              "fieldType": "textField",
              "textFieldType": "number"
            },
            "required": true,
            "kind": "INFORMATION"
          },
          {
            "hasConcept": [
              {
                "description": "Source of funding",
                "name": "Source of funding",
                "unit": {
                  "description": "Chaîne de caractères quelconque",
                  "name": "XSDString",
                  "type": "STRING"
                }
              }
            ],
            "name": "fundingSource",
            "order": 1,
            "properties": {
              "fieldType": "textField",
              "multiline": "true",
              "rows": "4"
            },
            "required": true,
            "kind": "INFORMATION"
          }
        ],
        "name": "Financial details",
        "order": 1,
        "required": true,
        "type": "Section",
        "kind": "CRITERION"
      }
    ],
    "name": "Financial details",
    "required": true,
    "type": "DataCollectionStep",
    "kind": "CRITERION"
  }
]
